\BOOKMARK [0][-]{chapter.1}{\376\377\000I\000n\000t\000r\000o\000d\000u\000c\000t\000i\000o\000n}{}% 1
\BOOKMARK [-1][-]{part.1}{\376\377\000I\000\040\000T\000h\000e\000o\000r\000e\000t\000i\000c\000a\000l\000\040\000f\000r\000a\000m\000e\000w\000o\000r\000k}{}% 2
\BOOKMARK [0][-]{chapter.2}{\376\377\000E\000l\000e\000c\000t\000r\000o\000c\000h\000e\000m\000s\000i\000t\000r\000y}{part.1}% 3
\BOOKMARK [1][-]{section*.2}{\376\377\000T\000h\000e\000r\000m\000o\000d\000y\000n\000a\000m\000i\000c\000s}{chapter.2}% 4
\BOOKMARK [2][-]{subsection*.3}{\376\377\000T\000h\000e\000\040\000o\000r\000i\000g\000i\000n\000\040\000o\000f\000\040\000t\000h\000e\000\040\000c\000h\000e\000m\000i\000c\000a\000l\000\040\000p\000o\000t\000e\000n\000t\000i\000a\000l}{section*.2}% 5
\BOOKMARK [2][-]{subsection*.4}{\376\377\000T\000h\000e\000\040\000e\000l\000e\000c\000t\000r\000o\000c\000h\000e\000m\000i\000c\000a\000l\000\040\000p\000o\000t\000e\000n\000t\000i\000a\000l\000\040\000a\000s\000\040\000a\000\040\000f\000u\000n\000c\000t\000i\000o\000n\000\040\000o\000f\000\040\000c\000o\000n\000c\000n\000e\000t\000r\000a\000t\000i\000o\000n\000\040\000a\000n\000d\000\040\000t\000e\000m\000p\000e\000r\000a\000t\000u\000r\000e}{section*.2}% 6
\BOOKMARK [2][-]{subsection*.5}{\376\377\000M\000e\000a\000s\000u\000r\000i\000n\000g\000\040\000t\000h\000e\000\040\000e\000l\000e\000c\000t\000r\000o\000c\000h\000e\000m\000i\000c\000a\000l\000\040\000p\000o\000t\000e\000n\000t\000i\000a\000l}{section*.2}% 7
\BOOKMARK [2][-]{subsection*.6}{\376\377\000T\000h\000e\000\040\000e\000f\000f\000e\000c\000t\000\040\000o\000f\000\040\000t\000h\000e\000\040\000p\000H\000\040\000a\000n\000d\000\040\000t\000e\000m\000p\000e\000r\000a\000t\000u\000r\000e\000\040\000\050\000t\000h\000e\000\040\000P\000a\000u\000r\000b\000a\000x\000\040\000d\000i\000a\000g\000r\000a\000m\000\051}{section*.2}% 8
\BOOKMARK [1][-]{section*.7}{\376\377\000K\000i\000n\000e\000t\000i\000c\000s}{chapter.2}% 9
\BOOKMARK [2][-]{subsection*.8}{\376\377\000D\000o\000u\000b\000l\000e\000\040\000l\000a\000y\000e\000r\000\040\000s\000t\000r\000u\000c\000t\000u\000r\000e}{section*.7}% 10
\BOOKMARK [1][-]{section*.9}{\376\377\000E\000l\000e\000c\000t\000r\000o\000c\000h\000e\000m\000i\000c\000a\000l\000\040\000m\000e\000t\000h\000o\000d\000s}{chapter.2}% 11
\BOOKMARK [2][-]{subsection*.10}{\376\377\000T\000h\000r\000e\000e\000\040\000e\000l\000e\000c\000t\000r\000o\000d\000e\000\040\000c\000e\000l\000l\000s}{section*.9}% 12
\BOOKMARK [1][-]{section*.11}{\376\377\000E\000l\000e\000c\000t\000r\000o\000c\000h\000e\000m\000i\000c\000a\000l\000\040\000i\000m\000p\000e\000d\000a\000n\000c\000e\000\040\000s\000p\000e\000c\000t\000r\000o\000s\000c\000o\000p\000y}{chapter.2}% 13
\BOOKMARK [2][-]{subsection*.12}{\376\377\000R\000e\000s\000i\000s\000t\000a\000n\000c\000e\000\040\000a\000n\000d\000\040\000i\000m\000p\000e\000d\000a\000n\000c\000e}{section*.11}% 14
\BOOKMARK [2][-]{subsection*.13}{\376\377\000P\000a\000s\000s\000i\000v\000e\000\040\000e\000l\000e\000m\000e\000n\000t\000s}{section*.11}% 15
\BOOKMARK [2][-]{subsection*.17}{\376\377\000I\000m\000p\000e\000d\000a\000n\000c\000e\000\040\000o\000f\000\040\000s\000i\000m\000p\000l\000e\000\040\000c\000i\000r\000c\000u\000i\000t\000s}{section*.11}% 16
\BOOKMARK [2][-]{subsection*.19}{\376\377\000G\000r\000a\000p\000h\000i\000c\000\040\000r\000e\000p\000p\000r\000e\000s\000e\000n\000t\000a\000t\000i\000o\000n\000\040\000o\000f\000\040\000t\000h\000e\000\040\000i\000m\000p\000e\000d\000a\000n\000c\000e}{section*.11}% 17
\BOOKMARK [1][-]{section*.20}{\376\377\000E\000x\000p\000e\000r\000i\000m\000e\000n\000t\000a\000l\000\040\000f\000a\000c\000t\000o\000r\000s}{chapter.2}% 18
\BOOKMARK [0][-]{chapter.3}{\376\377\000B\000a\000t\000t\000e\000r\000i\000e\000s}{part.1}% 19
\BOOKMARK [1][-]{section*.21}{\376\377\000N\000o\000n\000-\000r\000e\000c\000h\000a\000r\000g\000i\000b\000l\000e\000\040\000b\000a\000t\000t\000r\000i\000e\000s}{chapter.3}% 20
\BOOKMARK [1][-]{section*.22}{\376\377\000A\000\040\000b\000r\000i\000e\000f\000\040\000h\000y\000s\000t\000o\000r\000i\000c\000a\000l\000\040\000o\000v\000e\000r\000v\000i\000e\000w}{chapter.3}% 21
\BOOKMARK [1][-]{section*.23}{\376\377\000P\000e\000r\000f\000o\000r\000m\000a\000n\000c\000e\000\040\000o\000f\000\040\000b\000a\000t\000t\000e\000r\000i\000e\000s}{chapter.3}% 22
\BOOKMARK [1][-]{section*.24}{\376\377\000S\000e\000c\000o\000n\000d\000a\000r\000y\000\040\000b\000a\000t\000t\000e\000r\000i\000e\000s}{chapter.3}% 23
\BOOKMARK [1][-]{section*.25}{\376\377\000T\000h\000e\000\040\000c\000h\000o\000i\000c\000e\000\040\000o\000f\000\040\000m\000e\000t\000a\000l\000l\000i\000c\000\040\000i\000o\000n\000\040\000f\000o\000r\000\040\000s\000h\000u\000t\000t\000l\000i\000n\000g}{chapter.3}% 24
\BOOKMARK [1][-]{section*.26}{\376\377\000E\000l\000e\000c\000t\000r\000o\000l\000y\000t\000e\000s}{chapter.3}% 25
\BOOKMARK [1][-]{section*.27}{\376\377\000S\000t\000a\000t\000e\000\040\000o\000f\000\040\000t\000h\000e\000\040\000a\000r\000t\000\040\000o\000f\000\040\000L\000i\000-\000i\000o\000n\000\040\000b\000a\000t\000t\000e\000r\000i\000e\000s}{chapter.3}% 26
\BOOKMARK [2][-]{subsection*.28}{\376\377\000P\000o\000s\000i\000t\000i\000v\000e\000\040\000e\000l\000e\000c\000t\000r\000o\000d\000e\000s}{section*.27}% 27
\BOOKMARK [2][-]{subsection*.29}{\376\377\000G\000r\000a\000p\000h\000i\000t\000e\000\040\000a\000s\000\040\000n\000e\000g\000a\000t\000i\000v\000e\000\040\000e\000l\000e\000c\000t\000r\000o\000d\000e}{section*.27}% 28
\BOOKMARK [2][-]{subsection*.30}{\376\377\000T\000h\000e\000\040\000s\000o\000l\000i\000d\000-\000e\000l\000e\000c\000t\000r\000o\000l\000y\000t\000e\000\040\000i\000n\000t\000e\000r\000f\000a\000c\000e}{section*.27}% 29
\BOOKMARK [2][-]{subsection*.31}{\376\377\000S\000o\000l\000i\000d\000\040\000e\000l\000e\000c\000t\000r\000o\000l\000y\000t\000e\000s}{section*.27}% 30
\BOOKMARK [1][-]{section*.32}{\376\377\000O\000n\000\040\000t\000h\000e\000\040\000n\000o\000m\000e\000n\000c\000l\000a\000t\000u\000r\000e}{chapter.3}% 31
\BOOKMARK [1][-]{section*.33}{\376\377\000M\000a\000n\000i\000f\000a\000c\000t\000u\000r\000i\000n\000g\000\040\000o\000f\000\040\000b\000a\000t\000t\000e\000r\000i\000e\000s}{chapter.3}% 32
\BOOKMARK [1][-]{section*.34}{\376\377\000B\000a\000t\000t\000e\000r\000y\000\040\000d\000e\000g\000r\000a\000d\000a\000t\000i\000o\000n}{chapter.3}% 33
\BOOKMARK [1][-]{section*.35}{\376\377\000E\000l\000e\000c\000t\000r\000o\000c\000h\000e\000m\000i\000c\000a\000l\000\040\000c\000h\000a\000r\000a\000c\000t\000e\000r\000i\000z\000a\000t\000i\000o\000n\000\040\000o\000f\000\040\000b\000a\000t\000t\000e\000r\000i\000e\000s}{chapter.3}% 34
\BOOKMARK [1][-]{section*.36}{\376\377\000F\000a\000s\000t\000\040\000c\000h\000a\000r\000g\000i\000n\000g}{chapter.3}% 35
\BOOKMARK [0][-]{chapter.4}{\376\377\000I\000d\000e\000n\000t\000i\000f\000i\000c\000a\000t\000i\000o\000n\000\040\000o\000f\000\040\000d\000y\000n\000a\000m\000i\000c\000a\000l\000\040\000s\000y\000s\000t\000e\000m\000s}{part.1}% 36
\BOOKMARK [1][-]{section*.37}{\376\377\000D\000e\000f\000i\000n\000i\000t\000i\000o\000n\000\040\000o\000f\000\040\000s\000y\000s\000t\000e\000m\000\040\000a\000n\000d\000\040\000p\000r\000o\000p\000e\000r\000t\000i\000e\000s}{chapter.4}% 37
\BOOKMARK [2][-]{subsection*.38}{\376\377\000M\000o\000d\000e\000l\000i\000n\000g\000\040\000w\000i\000t\000h\000\040\000d\000i\000f\000f\000e\000r\000e\000n\000t\000i\000a\000l\000\040\000e\000q\000u\000a\000t\000i\000o\000n\000s}{section*.37}% 38
\BOOKMARK [2][-]{subsection*.39}{\376\377\000T\000r\000a\000n\000s\000f\000e\000r\000\040\000f\000u\000n\000c\000t\000i\000o\000n}{section*.37}% 39
\BOOKMARK [2][-]{subsection*.40}{\376\377\000K\000r\000a\000m\000e\000r\000s\000-\000K\000r\000o\000n\000i\000n\000g\000\040\000r\000e\000l\000a\000t\000i\000o\000n\000s\000h\000i\000p}{section*.37}% 40
\BOOKMARK [2][-]{subsection*.41}{\376\377\000T\000i\000m\000e\000-\000d\000o\000m\000a\000i\000n\000\040\000r\000e\000s\000p\000o\000n\000s\000e}{section*.37}% 41
\BOOKMARK [2][-]{subsection*.42}{\376\377\000F\000r\000e\000q\000u\000e\000n\000c\000y\000-\000d\000o\000m\000a\000i\000n\000\040\000r\000e\000s\000p\000o\000n\000s\000e}{section*.37}% 42
\BOOKMARK [2][-]{subsection*.43}{\376\377\000S\000t\000a\000t\000e\000-\000s\000p\000a\000c\000e\000\040\000f\000o\000r\000m\000u\000l\000a\000t\000i\000o\000n}{section*.37}% 43
\BOOKMARK [2][-]{subsection*.44}{\376\377\000M\000o\000d\000e\000l\000\040\000p\000a\000r\000a\000m\000e\000t\000e\000r\000s\000\040\000a\000n\000d\000\040\000o\000r\000d\000e\000r}{section*.37}% 44
\BOOKMARK [2][-]{subsection*.45}{\376\377\000N\000o\000n\000-\000l\000i\000n\000e\000a\000r\000\040\000s\000y\000s\000t\000e\000m\000s}{section*.37}% 45
\BOOKMARK [2][-]{subsection*.46}{\376\377\000N\000o\000n\000-\000s\000t\000a\000t\000i\000o\000n\000a\000r\000y\000\040\000s\000y\000s\000t\000e\000m\000s}{section*.37}% 46
\BOOKMARK [1][-]{section*.47}{\376\377\000D\000i\000g\000i\000t\000a\000l\000\040\000s\000i\000g\000n\000a\000l\000\040\000p\000r\000o\000c\000e\000s\000s\000i\000n\000g}{chapter.4}% 47
\BOOKMARK [2][-]{subsection*.48}{\376\377\000D\000i\000g\000i\000t\000a\000l\000\040\000s\000a\000m\000p\000l\000i\000n\000g}{section*.47}% 48
\BOOKMARK [2][-]{subsection*.49}{\376\377\000D\000i\000s\000c\000r\000e\000t\000e\000\040\000F\000o\000u\000r\000i\000e\000r\000\040\000T\000r\000a\000n\000s\000f\000o\000r\000m}{section*.47}% 49
\BOOKMARK [2][-]{subsection*.51}{\376\377\000N\000o\000i\000s\000e}{section*.47}% 50
\BOOKMARK [2][-]{subsection*.52}{\376\377\000W\000i\000n\000d\000o\000w\000s\000i\000n\000g\000\040\000f\000o\000r\000\040\000s\000p\000e\000c\000t\000r\000a\000l\000\040\000a\000n\000a\000l\000y\000s\000i\000s}{section*.47}% 51
\BOOKMARK [2][-]{subsection*.53}{\376\377\000W\000a\000v\000e\000l\000e\000t\000s\000\040\000m\000e\000t\000h\000o\000d}{section*.47}% 52
\BOOKMARK [2][-]{subsection*.54}{\376\377\000F\000i\000l\000t\000e\000r\000s}{section*.47}% 53
\BOOKMARK [2][-]{subsection*.55}{\376\377\000R\000e\000m\000o\000v\000a\000l\000\040\000o\000f\000\040\000t\000r\000e\000n\000d\000s}{section*.47}% 54
\BOOKMARK [2][-]{subsection*.56}{\376\377\000S\000i\000g\000n\000a\000l\000\040\000s\000y\000n\000t\000h\000e\000s\000i\000s}{section*.47}% 55
\BOOKMARK [2][-]{subsection*.58}{\376\377\000F\000u\000r\000t\000h\000e\000r\000\040\000r\000e\000s\000o\000u\000r\000c\000e\000s}{section*.47}% 56
\BOOKMARK [1][-]{section*.59}{\376\377\000S\000y\000s\000t\000e\000m\000\040\000i\000d\000e\000n\000t\000i\000f\000i\000c\000a\000t\000i\000o\000n\000\040\000i\000n\000\040\000t\000h\000e\000\040\000f\000r\000e\000q\000u\000e\000n\000c\000y\000\040\000d\000o\000m\000a\000i\000n}{chapter.4}% 57
\BOOKMARK [2][-]{subsection*.60}{\376\377\000D\000e\000f\000i\000n\000i\000t\000i\000o\000n}{section*.59}% 58
\BOOKMARK [2][-]{subsection*.61}{\376\377\000E\000x\000c\000i\000t\000a\000t\000i\000o\000n\000\040\000s\000i\000g\000n\000a\000l\000s}{section*.59}% 59
\BOOKMARK [2][-]{subsection*.62}{\376\377\000P\000a\000r\000a\000m\000e\000t\000e\000r\000s\000\040\000e\000s\000t\000i\000m\000a\000t\000i\000o\000n}{section*.59}% 60
\BOOKMARK [2][-]{subsection*.63}{\376\377\000M\000o\000d\000e\000l\000\040\000s\000e\000l\000e\000c\000t\000i\000o\000n\000\040\000a\000n\000d\000\040\000v\000a\000l\000i\000d\000a\000t\000i\000o\000n}{section*.59}% 61
\BOOKMARK [2][-]{subsection*.64}{\376\377\000M\000o\000d\000e\000l\000\040\000s\000e\000l\000e\000c\000t\000i\000o\000n\000\040\000c\000r\000i\000t\000e\000r\000i\000a}{section*.59}% 62
\BOOKMARK [2][-]{subsection*.65}{\376\377\000I\000d\000e\000n\000t\000i\000f\000i\000c\000a\000t\000i\000o\000n\000\040\000i\000n\000\040\000n\000o\000n\000-\000s\000t\000a\000t\000i\000o\000n\000a\000r\000y\000\040\000c\000a\000s\000e}{section*.59}% 63
\BOOKMARK [1][-]{section*.66}{\376\377\000M\000a\000t\000h\000e\000m\000a\000t\000i\000c\000a\000l\000\040\000o\000p\000t\000i\000m\000i\000z\000a\000t\000i\000o\000n}{chapter.4}% 64
\BOOKMARK [0][-]{chapter.5}{\376\377\000N\000o\000n\000-\000s\000t\000a\000t\000i\000o\000n\000a\000r\000y\000\040\000E\000l\000e\000c\000t\000r\000o\000c\000h\000e\000m\000i\000c\000a\000l\000\040\000I\000m\000p\000e\000d\000a\000n\000c\000e\000\040\000s\000p\000e\000c\000t\000r\000o\000s\000c\000o\000p\000y}{part.1}% 65
\BOOKMARK [1][-]{section*.67}{\376\377\000H\000i\000s\000t\000o\000r\000i\000c\000a\000l\000\040\000d\000e\000v\000e\000l\000o\000p\000m\000e\000n\000t}{chapter.5}% 66
\BOOKMARK [2][-]{subsection*.68}{\376\377\000S\000i\000n\000g\000l\000e\000\040\000s\000i\000n\000e\000\040\000i\000m\000p\000e\000d\000a\000n\000c\000e}{section*.67}% 67
\BOOKMARK [2][-]{subsection*.69}{\376\377\000M\000u\000l\000t\000i\000-\000f\000r\000e\000q\000u\000e\000n\000c\000y\000\040\000e\000x\000c\000i\000t\000a\000t\000i\000o\000n}{section*.67}% 68
\BOOKMARK [2][-]{subsection*.70}{\376\377\000I\000m\000p\000e\000d\000a\000n\000c\000e\000\040\000o\000f\000\040\000e\000v\000o\000l\000v\000i\000n\000g\000\040\000s\000y\000s\000t\000e\000m\000s}{section*.67}% 69
\BOOKMARK [2][-]{subsection*.71}{\376\377\000T\000h\000e\000\040\000f\000i\000r\000s\000t\000\040\000t\000i\000m\000e\000-\000r\000e\000s\000o\000l\000v\000e\000d\000\040\000i\000m\000p\000e\000d\000a\000n\000c\000e\000\040\000s\000p\000e\000c\000t\000r\000o\000m\000e\000t\000e\000r}{section*.67}% 70
\BOOKMARK [2][-]{subsection*.72}{\376\377\000M\000o\000d\000e\000r\000n\000\040\000s\000e\000t\000-\000u\000p\000s}{section*.67}% 71
\BOOKMARK [2][-]{subsection*.73}{\376\377\000A\000c\000k\000n\000o\000l\000e\000d\000g\000i\000n\000g\000\040\000t\000h\000e\000\040\000n\000o\000n\000-\000l\000i\000n\000e\000a\000r\000i\000t\000i\000e\000s}{section*.67}% 72
\BOOKMARK [2][-]{subsection*.74}{\376\377\000N\000o\000n\000-\000s\000t\000a\000t\000i\000o\000n\000a\000r\000y\000\040\000i\000m\000p\000e\000d\000a\000n\000c\000e}{section*.67}% 73
\BOOKMARK [1][-]{section*.75}{\376\377\000M\000u\000l\000t\000i\000s\000i\000n\000e\000\040\000o\000p\000t\000i\000m\000i\000z\000a\000t\000i\000o\000n}{chapter.5}% 74
\BOOKMARK [1][-]{section*.76}{\376\377\000E\000m\000b\000e\000d\000d\000e\000d\000\040\000s\000p\000e\000c\000t\000t\000r\000o\000m\000e\000t\000e\000r\000s}{chapter.5}% 75
\BOOKMARK [1][-]{section*.77}{\376\377\000N\000o\000m\000e\000n\000c\000l\000a\000t\000u\000r\000e}{chapter.5}% 76
\BOOKMARK [1][-]{section*.78}{\376\377\000D\000a\000t\000a\000\040\000a\000n\000a\000l\000y\000s\000i\000s}{chapter.5}% 77
\BOOKMARK [1][-]{section*.79}{\376\377\000D\000a\000t\000a\000\040\000v\000a\000l\000i\000d\000a\000t\000i\000o\000n}{chapter.5}% 78
\BOOKMARK [1][-]{section*.80}{\376\377\000S\000c\000o\000p\000e\000\040\000o\000f\000\040\000t\000h\000i\000s\000\040\000w\000o\000r\000k}{chapter.5}% 79
\BOOKMARK [-1][-]{part.2}{\376\377\000I\000I\000\040\000M\000e\000t\000h\000o\000d\000o\000l\000o\000g\000i\000e\000s}{}% 80
\BOOKMARK [0][-]{chapter.6}{\376\377\000A\000c\000q\000u\000i\000s\000i\000t\000i\000o\000n\000\040\000o\000f\000\040\000n\000o\000n\000-\000s\000t\000a\000t\000i\000o\000n\000a\000r\000y\000\040\000i\000m\000p\000e\000d\000a\000n\000c\000e}{part.2}% 81
\BOOKMARK [1][-]{section*.81}{\376\377\000M\000u\000l\000t\000i\000-\000f\000r\000e\000q\000u\000e\000n\000c\000y\000\040\000d\000a\000t\000a\000\040\000a\000c\000q\000u\000i\000s\000i\000t\000i\000o\000n}{chapter.6}% 82
\BOOKMARK [2][-]{subsection*.82}{\376\377\000D\000e\000s\000c\000r\000i\000p\000t\000i\000o\000n\000\040\000o\000f\000\040\000t\000h\000e\000\040\000s\000e\000t\000-\000u\000p}{section*.81}% 83
\BOOKMARK [1][-]{section*.83}{\376\377\000A\000u\000t\000o\000m\000a\000t\000i\000o\000n\000\040\000o\000f\000\040\000t\000h\000e\000\040\000a\000c\000q\000u\000i\000s\000i\000t\000i\000o\000n\000\040\000f\000o\000r\000\040\000b\000a\000t\000t\000e\000r\000i\000e\000s}{chapter.6}% 84
\BOOKMARK [2][-]{subsection*.84}{\376\377\000P\000r\000o\000b\000l\000e\000m\000\040\000s\000t\000a\000t\000e\000m\000e\000n\000t}{section*.83}% 85
\BOOKMARK [2][-]{subsection*.85}{\376\377\000S\000o\000f\000t\000w\000a\000r\000e\000\040\000s\000o\000l\000u\000t\000i\000o\000n}{section*.83}% 86
\BOOKMARK [2][-]{subsection*.86}{\376\377\000D\000e\000s\000i\000g\000n\000\040\000p\000r\000i\000n\000c\000i\000p\000l\000e}{section*.83}% 87
\BOOKMARK [1][-]{section*.87}{\376\377\000A\000u\000t\000o\000m\000a\000t\000i\000c\000\040\000c\000a\000l\000c\000u\000l\000a\000t\000i\000o\000n\000\040\000o\000f\000\040\000t\000h\000e\000\040\000i\000m\000p\000e\000d\000a\000n\000c\000e}{chapter.6}% 88
\BOOKMARK [1][-]{section*.88}{\376\377\000D\000E\000I\000S\000t\000o\000o\000l\000s\000:\000\040\000a\000\040\000P\000y\000t\000h\000o\000n\000\040\000a\000p\000p\000l\000i\000c\000a\000t\000i\000o\000n\000\040\000f\000o\000r\000\040\000d\000y\000n\000a\000m\000i\000c\000\040\000i\000m\000p\000e\000d\000a\000n\000c\000e}{chapter.6}% 89
\BOOKMARK [2][-]{subsection*.89}{\376\377\000S\000o\000f\000t\000w\000a\000r\000e\000\040\000l\000i\000m\000i\000t\000s}{section*.88}% 90
\BOOKMARK [1][-]{section*.90}{\376\377\000M\000u\000l\000t\000i\000-\000s\000i\000n\000e\000\040\000d\000e\000s\000i\000g\000n}{chapter.6}% 91
\BOOKMARK [2][-]{subsection*.91}{\376\377\000F\000r\000e\000q\000u\000e\000n\000c\000i\000e\000s\000\040\000s\000e\000l\000e\000c\000t\000i\000o\000n}{section*.90}% 92
\BOOKMARK [2][-]{subsection*.92}{\376\377\000A\000m\000p\000l\000i\000t\000u\000d\000e\000\040\000o\000p\000t\000i\000m\000i\000z\000a\000t\000i\000o\000n}{section*.90}% 93
\BOOKMARK [2][-]{subsection*.93}{\376\377\000P\000h\000a\000s\000e\000\040\000o\000p\000t\000i\000m\000i\000z\000a\000t\000i\000o\000n}{section*.90}% 94
\BOOKMARK [2][-]{subsection*.94}{\376\377\000M\000u\000l\000t\000i\000-\000s\000i\000n\000e\000\040\000s\000p\000l\000i\000t\000t\000i\000n\000g}{section*.90}% 95
\BOOKMARK [2][-]{subsection*.96}{\376\377\000S\000o\000f\000t\000w\000a\000r\000e}{section*.90}% 96
\BOOKMARK [1][-]{section*.97}{\376\377\000I\000m\000p\000e\000d\000a\000n\000c\000e\000\040\000e\000s\000t\000i\000m\000a\000t\000i\000o\000n}{chapter.6}% 97
\BOOKMARK [1][-]{section*.98}{\376\377\000O\000l\000d\000\040\000p\000a\000r\000t}{chapter.6}% 98
\BOOKMARK [2][-]{subsection*.99}{\376\377\000A\000r\000b\000i\000t\000r\000a\000r\000y\000\040\000w\000a\000v\000e\000f\000o\000r\000m\000\040\000g\000e\000n\000e\000r\000a\000t\000o\000r}{section*.98}% 99
\BOOKMARK [1][-]{section*.100}{\376\377\000M\000u\000l\000t\000i\000-\000s\000i\000n\000e\000\040\000d\000e\000s\000i\000g\000n}{chapter.6}% 100
\BOOKMARK [2][-]{subsection*.101}{\376\377\000R\000u\000n\000n\000i\000n\000g\000\040\000t\000h\000e\000\040\000m\000u\000l\000t\000i\000-\000s\000i\000n\000e\000\040\000i\000n\000\040\000t\000h\000e\000\040\000w\000a\000v\000e\000f\000o\000r\000m\000\040\000g\000e\000n\000e\000r\000a\000t\000o\000r}{section*.100}% 101
\BOOKMARK [2][-]{subsection*.102}{\376\377\000D\000i\000g\000i\000t\000a\000l\000\040\000a\000c\000q\000u\000i\000s\000i\000t\000i\000o\000n\000\040\000d\000e\000v\000i\000c\000e}{section*.100}% 102
\BOOKMARK [1][-]{section*.103}{\376\377\000C\000o\000n\000n\000e\000c\000t\000i\000n\000g\000\040\000c\000e\000l\000l\000s\000\040\000i\000n\000\040\000t\000h\000r\000e\000e\000-\000e\000l\000e\000c\000t\000r\000o\000d\000e\000\040\000c\000o\000n\000f\000i\000g\000u\000r\000a\000t\000i\000o\000n}{chapter.6}% 103
\BOOKMARK [1][-]{section*.104}{\376\377\000E\000l\000e\000c\000t\000r\000o\000c\000h\000e\000m\000i\000c\000a\000l\000\040\000d\000e\000v\000i\000c\000e\000s}{chapter.6}% 104
\BOOKMARK [1][-]{section*.105}{\376\377\000C\000o\000n\000n\000e\000c\000t\000i\000n\000g\000\040\000t\000h\000e\000\040\000d\000e\000v\000i\000c\000e\000\040\000a\000n\000d\000\040\000a\000c\000q\000u\000i\000r\000i\000n\000g\000\040\000t\000h\000e\000\040\000s\000i\000g\000n\000a\000l\000s\000:\000\040\000s\000e\000t\000-\000u\000p\000\040\000v\000e\000r\000s\000i\000o\000n\000\040\0001}{chapter.6}% 105
\BOOKMARK [1][-]{section*.106}{\376\377\000A\000u\000t\000o\000m\000a\000t\000i\000c\000\040\000c\000y\000c\000l\000i\000n\000g\000\040\000w\000i\000t\000h}{chapter.6}% 106
\BOOKMARK [0][-]{chapter.7}{\376\377\000A\000n\000a\000l\000y\000s\000i\000s\000\040\000o\000f\000\040\000i\000m\000p\000e\000d\000a\000n\000c\000e}{part.2}% 107
\BOOKMARK [1][-]{section*.107}{\376\377\000P\000a\000r\000a\000m\000e\000t\000r\000i\000c\000\040\000m\000o\000d\000e\000l\000s}{chapter.7}% 108
\BOOKMARK [2][-]{subsection*.108}{\376\377\000P\000h\000y\000s\000i\000c\000a\000l\000\040\000m\000o\000d\000e\000l}{section*.107}% 109
\BOOKMARK [1][-]{section*.109}{\376\377\000S\000i\000m\000u\000l\000t\000a\000n\000e\000o\000u\000s\000\040\000f\000i\000t\000t\000i\000n\000g}{chapter.7}% 110
\BOOKMARK [2][-]{subsection*.110}{\376\377\000F\000i\000t\000t\000i\000n\000g\000\040\000e\000r\000r\000o\000r}{section*.109}% 111
\BOOKMARK [1][-]{section*.111}{\376\377\000D\000e\000t\000e\000r\000m\000i\000n\000a\000t\000i\000o\000n\000\040\000o\000f\000\040\000t\000h\000e\000\040\000s\000y\000s\000t\000e\000m\000\040\000d\000e\000g\000r\000e\000e\000s\000\040\000o\000f\000\040\000f\000r\000e\000e\000d\000o\000m}{chapter.7}% 112
\BOOKMARK [1][-]{section*.112}{\376\377\000D\000e\000t\000e\000r\000m\000i\000n\000i\000n\000g\000\040\000t\000r\000a\000n\000s\000f\000e\000r\000\040\000f\000u\000n\000c\000t\000i\000o\000n\000\040\000s\000t\000r\000u\000c\000t\000u\000r\000e}{chapter.7}% 113
\BOOKMARK [-1][-]{part.3}{\376\377\000I\000I\000I\000\040\000R\000e\000s\000u\000l\000t\000s\000\040\000a\000n\000d\000\040\000d\000i\000s\000c\000u\000s\000s\000i\000o\000n\000s}{}% 114
\BOOKMARK [0][-]{chapter.8}{\376\377\000C\000o\000i\000n\000\040\000c\000e\000l\000l\000s\000:\000\040\000c\000h\000a\000r\000a\000c\000t\000e\000r\000i\000z\000a\000t\000i\000o\000n\000\040\000a\000t\000\040\000t\000h\000e\000\040\000c\000e\000l\000l\000\040\000l\000e\000v\000e\000l}{part.3}% 115
\BOOKMARK [1][-]{section*.113}{\376\377\000M\000e\000t\000h\000o\000d}{chapter.8}% 116
\BOOKMARK [2][-]{subsection*.114}{\376\377\000C\000y\000c\000l\000i\000n\000g\000\040\000t\000e\000s\000t}{section*.113}% 117
\BOOKMARK [2][-]{subsection*.115}{\376\377\000O\000p\000e\000r\000a\000n\000d\000o\000\040\000a\000c\000q\000u\000i\000s\000i\000t\000i\000o\000n\000\040\000o\000f\000\040\000s\000t\000a\000t\000i\000n\000g\000\040\000i\000m\000p\000e\000d\000a\000n\000c\000e}{section*.113}% 118
\BOOKMARK [2][-]{subsection*.116}{\376\377\000R\000e\000a\000l\000\040\000t\000i\000m\000e\000\040\000a\000c\000q\000u\000i\000s\000i\000t\000i\000o\000n\000\040\000o\000f\000\040\000d\000y\000n\000a\000m\000i\000c\000\040\000i\000m\000p\000e\000d\000a\000n\000c\000e}{section*.113}% 119
\BOOKMARK [2][-]{subsection*.117}{\376\377\000A\000n\000a\000l\000y\000s\000i\000s\000\040\000o\000f\000\040\000i\000m\000p\000e\000d\000a\000n\000c\000e\000\040\000d\000a\000t\000a}{section*.113}% 120
\BOOKMARK [1][-]{section*.118}{\376\377\000R\000e\000s\000u\000l\000t\000s}{chapter.8}% 121
\BOOKMARK [1][-]{section*.119}{\376\377\000D\000i\000s\000c\000u\000s\000s\000i\000o\000n}{chapter.8}% 122
\BOOKMARK [2][-]{subsection*.120}{\376\377\000C\000h\000o\000i\000c\000e\000\040\000o\000f\000\040\000t\000h\000e\000\040\000c\000e\000l\000l}{section*.119}% 123
\BOOKMARK [2][-]{subsection*.121}{\376\377\000P\000e\000r\000f\000o\000r\000m\000a\000n\000c\000e\000\040\000t\000e\000s\000t\000\040\000o\000f\000\040\000t\000h\000e\000\040\000c\000e\000l\000l}{section*.119}% 124
\BOOKMARK [2][-]{subsection*.123}{\376\377\000S\000t\000a\000t\000i\000c\000\040\000i\000m\000p\000e\000d\000a\000n\000c\000e\000\040\000e\000v\000a\000l\000u\000a\000t\000i\000o\000n}{section*.119}% 125
\BOOKMARK [2][-]{subsection*.125}{\376\377\000T\000i\000m\000e\000-\000v\000a\000r\000y\000i\000n\000g\000\040\000i\000m\000p\000e\000d\000a\000n\000c\000e\000\040\000a\000c\000q\000u\000i\000s\000i\000t\000i\000o\000n}{section*.119}% 126
\BOOKMARK [2][-]{subsection*.130}{\376\377\000r\000e\000g\000r\000e\000s\000s\000i\000o\000n\000\040\000o\000f\000\040\000r\000a\000t\000i\000o\000n\000a\000l\000\040\000p\000o\000l\000y\000n\000o\000m\000i\000a\000l}{section*.119}% 127
\BOOKMARK [2][-]{subsection*.135}{\376\377\000A\000s\000s\000o\000c\000i\000a\000t\000i\000n\000g\000\040\000m\000e\000a\000s\000u\000r\000e\000m\000e\000n\000t\000\040\000v\000a\000l\000u\000e\000s\000\040\000w\000i\000t\000h\000\040\000b\000a\000t\000t\000e\000r\000y\000\040\000s\000t\000a\000t\000e}{section*.119}% 128
\BOOKMARK [0][-]{chapter.9}{\376\377\000C\000h\000a\000r\000a\000c\000t\000e\000r\000i\000z\000a\000t\000i\000o\000n\000\040\000a\000t\000\040\000t\000h\000e\000\040\000e\000l\000e\000c\000t\000r\000o\000d\000e\000\040\000l\000e\000v\000e\000l}{part.3}% 129
\BOOKMARK [1][-]{subsection*.136}{\376\377\000C\000e\000l\000l\000\040\000a\000s\000s\000e\000m\000b\000l\000i\000n\000g}{chapter.9}% 130
\BOOKMARK [2][-]{subsection*.137}{\376\377\000T\000i\000m\000e\000-\000v\000a\000r\000y\000i\000n\000g\000\040\000i\000m\000p\000e\000d\000a\000n\000c\000e\000\040\000m\000e\000a\000s\000u\000r\000e\000m\000e\000n\000t\000s}{subsection*.136}% 131
\BOOKMARK [0][-]{chapter.10}{\376\377\000D\000i\000s\000c\000r\000i\000m\000i\000n\000a\000t\000i\000n\000g\000\040\000s\000o\000d\000i\000u\000m\000\040\000s\000t\000o\000r\000a\000g\000e\000\040\000m\000e\000c\000h\000a\000n\000i\000s\000m\000s}{part.3}% 132
\BOOKMARK [1][-]{subsection*.146}{\376\377\000S\000i\000l\000i\000c\000o\000n\000\040\000c\000a\000r\000b\000o\000n\000i\000t\000r\000i\000d\000e}{chapter.10}% 133
\BOOKMARK [2][-]{subsection*.147}{\376\377\000S\000t\000o\000r\000a\000g\000e\000\040\000m\000e\000c\000h\000a\000n\000i\000s\000m\000s}{subsection*.146}% 134
\BOOKMARK [2][-]{subsection*.150}{\376\377\000C\000e\000l\000l\000\040\000h\000o\000u\000s\000i\000n\000g\000\040\000f\000o\000r\000\040\000t\000h\000r\000e\000e\000\040\000e\000l\000e\000c\000t\000r\000o\000d\000e\000s\000\040\000a\000n\000d\000\040\000o\000p\000t\000i\000m\000i\000z\000a\000t\000i\000o\000n}{subsection*.146}% 135
\BOOKMARK [2][-]{subsection*.152}{\376\377\000M\000i\000c\000r\000o\000s\000c\000o\000p\000i\000c\000\040\000r\000e\000f\000e\000r\000e\000n\000c\000e\000\040\000e\000l\000e\000c\000t\000r\000o\000d\000e\000\040\000o\000f\000\040\000s\000o\000d\000i\000u\000m}{subsection*.146}% 136
\BOOKMARK [2][-]{subsection*.154}{\376\377\000T\000i\000m\000e\000-\000v\000a\000r\000y\000i\000n\000g\000\040\000i\000m\000p\000e\000d\000a\000n\000c\000e}{subsection*.146}% 137
\BOOKMARK [2][-]{subsection*.160}{\376\377\000S\000o\000d\000i\000u\000m\000\040\000e\000l\000e\000c\000t\000r\000o\000d\000e\000p\000o\000s\000i\000t\000i\000o\000n\000\040\000o\000n\000\040\000s\000o\000d\000i\000u\000m\000\040\000s\000u\000b\000s\000t\000r\000a\000t\000e}{subsection*.146}% 138
\BOOKMARK [2][-]{subsection*.166}{\376\377\000T\000i\000m\000e\000-\000V\000a\000r\000y\000i\000n\000g\000\040\000i\000m\000p\000e\000d\000a\000n\000c\000e\000\040\000d\000u\000r\000i\000n\000g\000\040\000S\000E\000I\000\040\000f\000o\000r\000m\000a\000t\000i\000o\000n}{subsection*.146}% 139
\BOOKMARK [0][-]{chapter.11}{\376\377\000S\000t\000u\000d\000y\000i\000n\000g\000\040\000i\000n\000t\000e\000r\000c\000a\000l\000a\000t\000i\000o\000n}{part.3}% 140
\BOOKMARK [1][-]{subsection*.173}{\376\377\000M\000a\000t\000e\000r\000i\000a\000l\000s\000\040\000a\000n\000d\000\040\000c\000e\000l\000l\000\040\000a\000s\000s\000e\000m\000b\000l\000y}{chapter.11}% 141
\BOOKMARK [2][-]{subsection*.174}{\376\377\000M\000e\000a\000s\000u\000r\000e\000m\000e\000n\000t\000\040\000s\000e\000t\000-\000u\000p}{subsection*.173}% 142
\BOOKMARK [2][-]{subsection*.175}{\376\377\000P\000h\000y\000s\000i\000c\000a\000l\000\040\000m\000o\000d\000e\000l\000\040\000f\000o\000r\000\040\000i\000n\000t\000e\000r\000c\000a\000l\000a\000t\000i\000o\000n}{subsection*.173}% 143
\BOOKMARK [2][-]{subsection*.176}{\376\377\000R\000e\000s\000u\000l\000t\000s\000\040\000a\000n\000d\000\040\000d\000i\000s\000c\000u\000s\000s\000i\000o\000n\000s}{subsection*.173}% 144
\BOOKMARK [1][-]{section*.177}{\376\377\000C\000o\000m\000m\000e\000n\000t}{chapter.11}% 145
\BOOKMARK [0][-]{chapter.12}{\376\377\000S\000t\000u\000d\000y\000i\000n\000g\000\040\000n\000o\000n\000-\000F\000a\000r\000a\000d\000i\000c\000\040\000r\000e\000a\000c\000t\000i\000o\000n\000\040\000i\000n\000\040\000s\000y\000m\000m\000e\000t\000r\000i\000c\000\040\000c\000e\000l\000l}{part.3}% 146
\BOOKMARK [1][-]{subsection*.178}{\376\377\000M\000a\000t\000e\000r\000i\000a\000l\000s\000\040\000a\000n\000d\000\040\000c\000e\000l\000l\000\040\000a\000s\000s\000e\000m\000b\000l\000i\000n\000g}{chapter.12}% 147
\BOOKMARK [2][-]{subsection*.179}{\376\377\000R\000e\000f\000e\000r\000e\000n\000c\000e\000\040\000e\000l\000e\000c\000t\000r\000o\000d\000e\000\040\000a\000n\000d\000\040\000p\000o\000s\000i\000t\000i\000o\000n\000\040\000i\000n\000\040\000t\000h\000e\000\040\000s\000t\000a\000c\000k}{subsection*.178}% 148
\BOOKMARK [2][-]{subsection*.181}{\376\377\000P\000h\000y\000s\000i\000c\000a\000l\000\040\000m\000o\000d\000e\000l}{subsection*.178}% 149
\BOOKMARK [2][-]{subsection*.182}{\376\377\000R\000e\000s\000u\000l\000t\000s\000\040\000a\000n\000d\000\040\000d\000i\000s\000c\000u\000s\000s\000i\000o\000n\000s}{subsection*.178}% 150
\BOOKMARK [2][-]{subsection*.184}{\376\377\000Q\000u\000a\000n\000t\000i\000t\000a\000t\000i\000v\000e\000\040\000i\000n\000t\000e\000r\000p\000r\000e\000t\000a\000t\000i\000o\000n\000\040\000o\000f\000\040\000t\000h\000e\000\040\000i\000m\000p\000e\000d\000a\000n\000c\000e}{subsection*.178}% 151
\BOOKMARK [2][-]{subsection*.185}{\376\377\000R\000e\000m\000a\000r\000k\000s}{subsection*.178}% 152
\BOOKMARK [0][-]{chapter.13}{\376\377\000C\000o\000n\000c\000l\000u\000s\000i\000o\000n\000s}{part.3}% 153
